// Jest Snapshot v1, https://goo.gl/fbAQLP

exports[`TilesLogo snapshot 1`] = `
<div
  class="logo has-animation"
>
  <div
    class="alphabet is-t"
  >
    <div
      class="alphabet-item"
    />
    <div
      class="alphabet-item"
    />
    <div
      class="alphabet-item"
    />
    <div
      class="alphabet-item"
    />
    <div
      class="alphabet-item"
    />
    <div
      class="alphabet-item"
    />
    <div
      class="alphabet-item"
    />
    <div
      class="alphabet-item"
    />
    <div
      class="alphabet-item"
    />
    <div
      class="alphabet-item"
    />
    <div
      class="alphabet-item"
    />
    <div
      class="alphabet-item"
    />
    <div
      class="alphabet-item"
    />
    <div
      class="alphabet-item"
    />
    <div
      class="alphabet-item"
    />
    <div
      class="alphabet-item"
    />
    <div
      class="alphabet-item"
    />
    <div
      class="alphabet-item"
    />
    <div
      class="alphabet-item"
    />
    <div
      class="alphabet-item"
    />
    <div
      class="alphabet-item"
    />
    <div
      class="alphabet-item"
    />
    <div
      class="alphabet-item"
    />
    <div
      class="alphabet-item"
    />
    <div
      class="alphabet-item"
    />
  </div>
  <div
    class="alphabet is-i"
  >
    <div
      class="alphabet-item"
    />
    <div
      class="alphabet-item"
    />
    <div
      class="alphabet-item"
    />
    <div
      class="alphabet-item"
    />
    <div
      class="alphabet-item"
    />
    <div
      class="alphabet-item"
    />
    <div
      class="alphabet-item"
    />
    <div
      class="alphabet-item"
    />
    <div
      class="alphabet-item"
    />
    <div
      class="alphabet-item"
    />
    <div
      class="alphabet-item"
    />
    <div
      class="alphabet-item"
    />
    <div
      class="alphabet-item"
    />
    <div
      class="alphabet-item"
    />
    <div
      class="alphabet-item"
    />
    <div
      class="alphabet-item"
    />
    <div
      class="alphabet-item"
    />
    <div
      class="alphabet-item"
    />
    <div
      class="alphabet-item"
    />
    <div
      class="alphabet-item"
    />
    <div
      class="alphabet-item"
    />
    <div
      class="alphabet-item"
    />
    <div
      class="alphabet-item"
    />
    <div
      class="alphabet-item"
    />
    <div
      class="alphabet-item"
    />
  </div>
  <div
    class="alphabet is-l"
  >
    <div
      class="alphabet-item"
    />
    <div
      class="alphabet-item"
    />
    <div
      class="alphabet-item"
    />
    <div
      class="alphabet-item"
    />
    <div
      class="alphabet-item"
    />
    <div
      class="alphabet-item"
    />
    <div
      class="alphabet-item"
    />
    <div
      class="alphabet-item"
    />
    <div
      class="alphabet-item"
    />
    <div
      class="alphabet-item"
    />
    <div
      class="alphabet-item"
    />
    <div
      class="alphabet-item"
    />
    <div
      class="alphabet-item"
    />
    <div
      class="alphabet-item"
    />
    <div
      class="alphabet-item"
    />
    <div
      class="alphabet-item"
    />
    <div
      class="alphabet-item"
    />
    <div
      class="alphabet-item"
    />
    <div
      class="alphabet-item"
    />
    <div
      class="alphabet-item"
    />
    <div
      class="alphabet-item"
    />
    <div
      class="alphabet-item"
    />
    <div
      class="alphabet-item"
    />
    <div
      class="alphabet-item"
    />
    <div
      class="alphabet-item"
    />
  </div>
  <div
    class="alphabet is-e"
  >
    <div
      class="alphabet-item"
    />
    <div
      class="alphabet-item"
    />
    <div
      class="alphabet-item"
    />
    <div
      class="alphabet-item"
    />
    <div
      class="alphabet-item"
    />
    <div
      class="alphabet-item"
    />
    <div
      class="alphabet-item"
    />
    <div
      class="alphabet-item"
    />
    <div
      class="alphabet-item"
    />
    <div
      class="alphabet-item"
    />
    <div
      class="alphabet-item"
    />
    <div
      class="alphabet-item"
    />
    <div
      class="alphabet-item"
    />
    <div
      class="alphabet-item"
    />
    <div
      class="alphabet-item"
    />
    <div
      class="alphabet-item"
    />
    <div
      class="alphabet-item"
    />
    <div
      class="alphabet-item"
    />
    <div
      class="alphabet-item"
    />
    <div
      class="alphabet-item"
    />
    <div
      class="alphabet-item"
    />
    <div
      class="alphabet-item"
    />
    <div
      class="alphabet-item"
    />
    <div
      class="alphabet-item"
    />
    <div
      class="alphabet-item"
    />
  </div>
  <div
    class="alphabet is-s"
  >
    <div
      class="alphabet-item"
    />
    <div
      class="alphabet-item"
    />
    <div
      class="alphabet-item"
    />
    <div
      class="alphabet-item"
    />
    <div
      class="alphabet-item"
    />
    <div
      class="alphabet-item"
    />
    <div
      class="alphabet-item"
    />
    <div
      class="alphabet-item"
    />
    <div
      class="alphabet-item"
    />
    <div
      class="alphabet-item"
    />
    <div
      class="alphabet-item"
    />
    <div
      class="alphabet-item"
    />
    <div
      class="alphabet-item"
    />
    <div
      class="alphabet-item"
    />
    <div
      class="alphabet-item"
    />
    <div
      class="alphabet-item"
    />
    <div
      class="alphabet-item"
    />
    <div
      class="alphabet-item"
    />
    <div
      class="alphabet-item"
    />
    <div
      class="alphabet-item"
    />
    <div
      class="alphabet-item"
    />
    <div
      class="alphabet-item"
    />
    <div
      class="alphabet-item"
    />
    <div
      class="alphabet-item"
    />
    <div
      class="alphabet-item"
    />
  </div>
</div>
`;
